.next/dev/types/validator.ts(1818,31): error TS2344: Type 'typeof import("C:/Users/Ege Work/Desktop/next-apps/aceportal/app/api/deputy-center-leader/lecturers/[id]/route")' does not satisfy the constraint 'RouteHandlerConfig<"/api/deputy-center-leader/lecturers/[id]">'.
  Types of property 'PUT' are incompatible.
    Type '(request: NextRequest, { params }: { params: { id: string; }; }) => Promise<NextResponse<{ success: boolean; message: string; }>>' is not assignable to type '(request: NextRequest, context: { params: Promise<{ id: string; }>; }) => void | Response | Promise<void | Response>'.
      Types of parameters '__1' and 'context' are incompatible.
        Type '{ params: Promise<{ id: string; }>; }' is not assignable to type '{ params: { id: string; }; }'.
          Types of property 'params' are incompatible.
            Property 'id' is missing in type 'Promise<{ id: string; }>' but required in type '{ id: string; }'.
app/api/academic-program-coordinator/financials/lecturer-payments/route.ts(70,21): error TS2353: Object literal may only specify known properties, and 'coursesTaught' does not exist in type 'UserWhereInput'.
app/api/academic-program-coordinator/financials/lecturer-payments/route.ts(73,21): error TS2353: Object literal may only specify known properties, and 'coursesTaught' does not exist in type 'UserInclude<DefaultArgs>'.
app/api/academic-program-coordinator/financials/lecturer-payments/route.ts(80,47): error TS2339: Property 'coursesTaught' does not exist on type '{ role: string; id: string; createdAt: Date; updatedAt: Date; email: string; surname: string | null; firstname: string | null; avatar: string | null; signature: string | null; ... 4 more ...; accountName: string | null; }'.
app/api/academic-program-coordinator/thesis/students/route.ts(94,51): error TS2339: Property 'title' does not exist on type 'never'.
app/api/academic-program-coordinator/thesis/students/route.ts(95,53): error TS2339: Property 'id' does not exist on type 'never'.
app/api/academic-program-coordinator/thesis/students/route.ts(99,52): error TS2339: Property 'firstname' does not exist on type 'never'.
app/api/academic-program-coordinator/thesis/students/route.ts(99,91): error TS2339: Property 'surname' does not exist on type 'never'.
app/api/applications/submit/route.ts(65,9): error TS2322: Type 'string | null' is not assignable to type 'string'.
  Type 'null' is not assignable to type 'string'.
app/api/center-leader/courses/route.ts(106,9): error TS2353: Object literal may only specify known properties, and 'level' does not exist in type '(Without<CourseCreateInput, CourseUncheckedCreateInput> & CourseUncheckedCreateInput) | (Without<...> & CourseCreateInput)'.
app/api/center-leader/courses/route.ts(137,15): error TS2353: Object literal may only specify known properties, and 'totalCourses' does not exist in type '(Without<ProgramUpdateInput, ProgramUncheckedUpdateInput> & ProgramUncheckedUpdateInput) | (Without<...> & ProgramUpdateInput)'.
app/api/center-leader/programs/route.ts(16,13): error TS2353: Object literal may only specify known properties, and 'level' does not exist in type 'CourseSelect<DefaultArgs>'.
app/api/center-leader/programs/route.ts(102,9): error TS2353: Object literal may only specify known properties, and 'subtitle' does not exist in type '(Without<ProgramCreateInput, ProgramUncheckedCreateInput> & ProgramUncheckedCreateInput) | (Without<...> & ProgramCreateInput)'.
app/api/deputy-center-leader/applicants/migrate/route.ts(340,9): error TS2322: Type 'string | null' is not assignable to type 'string'.
  Type 'null' is not assignable to type 'string'.
app/api/deputy-center-leader/courses/route.ts(106,9): error TS2353: Object literal may only specify known properties, and 'level' does not exist in type '(Without<CourseCreateInput, CourseUncheckedCreateInput> & CourseUncheckedCreateInput) | (Without<...> & CourseCreateInput)'.
app/api/deputy-center-leader/courses/route.ts(137,15): error TS2353: Object literal may only specify known properties, and 'totalCourses' does not exist in type '(Without<ProgramUpdateInput, ProgramUncheckedUpdateInput> & ProgramUncheckedUpdateInput) | (Without<...> & ProgramUpdateInput)'.
app/api/deputy-center-leader/programs/route.ts(16,13): error TS2353: Object literal may only specify known properties, and 'level' does not exist in type 'CourseSelect<DefaultArgs>'.
app/api/deputy-center-leader/programs/route.ts(102,9): error TS2353: Object literal may only specify known properties, and 'subtitle' does not exist in type '(Without<ProgramCreateInput, ProgramUncheckedCreateInput> & ProgramUncheckedCreateInput) | (Without<...> & ProgramCreateInput)'.
app/api/head-of-program/courses/[id]/students/route.ts(79,33): error TS2561: Object literal may only specify known properties, but 'phonenumber' does not exist in type 'StudentPersonalInfoSelect<DefaultArgs>'. Did you mean to write 'phoneNumber'?
app/api/head-of-program/courses/[id]/students/route.ts(94,33): error TS2551: Property 'student' does not exist on type '{ id: string; createdAt: Date; updatedAt: Date; semester: string; status: string; studentId: string; courseId: string; session: string; grade: string | null; score: number | null; }'. Did you mean 'studentId'?
app/api/head-of-program/lecturers/manage-course/route.ts(68,21): error TS2353: Object literal may only specify known properties, and 'coursesTaught' does not exist in type '(Without<UserUpdateInput, UserUncheckedUpdateInput> & UserUncheckedUpdateInput) | (Without<...> & UserUpdateInput)'.
app/api/head-of-program/lecturers/manage-course/route.ts(78,21): error TS2353: Object literal may only specify known properties, and 'coursesTaught' does not exist in type '(Without<UserUpdateInput, UserUncheckedUpdateInput> & UserUncheckedUpdateInput) | (Without<...> & UserUpdateInput)'.
